src/api/Table.ts

src/components/ContextExpression/ContextEntryExpressionCell.css
src/components/ContextExpression/ContextExpression.css
src/components/ContextExpression/ContextExpression.tsx

src/components/FunctionExpression/FunctionExpression.css
src/components/FunctionExpression/FunctionExpression.tsx

src/components/InvocationExpression/InvocationExpression.css
src/components/InvocationExpression/InvocationExpression.tsx

src/components/ListExpression/ListExpression.css
src/components/ListExpression/ListExpression.tsx

src/components/LiteralExpression/LiteralExpression.css
src/components/LiteralExpression/LiteralExpression.tsx

src/components/LogicTypeSelector/LogicTypeSelector.css
src/components/LogicTypeSelector/LogicTypeSelector.tsx

src/components/PopoverMenu/PopoverMenu.tsx
src/components/RelationExpression/RelationExpression.css
src/components/RelationExpression/RelationExpression.tsx

src/components/Table/Table.css
src/components/Table/Table.tsx
src/components/Table/TableBody.tsx
src/components/Table/TableHeader.tsx
src/context/BoxedExpressionGlobalContext.tsx